[2025-03-31T01:33:40.357Z] INFO: === Application Initialization Started ===
[2025-03-31T01:33:40.364Z] INFO: Countries data not found locally. Fetching from API...
[2025-03-31T01:33:41.938Z] INFO: Saved 'eng' localization data: 250 records.
[2025-03-31T01:33:41.943Z] INFO: Saved 'ara' localization data: 250 records.
[2025-03-31T01:33:41.947Z] INFO: Saved 'bre' localization data: 250 records.
[2025-03-31T01:33:41.958Z] INFO: Saved 'ces' localization data: 250 records.
[2025-03-31T01:33:41.961Z] INFO: Saved 'cym' localization data: 250 records.
[2025-03-31T01:33:41.964Z] INFO: Saved 'deu' localization data: 250 records.
[2025-03-31T01:33:41.968Z] INFO: Saved 'est' localization data: 250 records.
[2025-03-31T01:33:41.971Z] INFO: Saved 'fin' localization data: 250 records.
[2025-03-31T01:33:41.974Z] INFO: Saved 'fra' localization data: 250 records.
[2025-03-31T01:33:41.977Z] INFO: Saved 'hrv' localization data: 249 records.
[2025-03-31T01:33:41.980Z] INFO: Saved 'hun' localization data: 250 records.
[2025-03-31T01:33:41.984Z] INFO: Saved 'ita' localization data: 250 records.
[2025-03-31T01:33:41.992Z] INFO: Saved 'jpn' localization data: 248 records.
[2025-03-31T01:33:41.998Z] INFO: Saved 'kor' localization data: 250 records.
[2025-03-31T01:33:42.004Z] INFO: Saved 'nld' localization data: 250 records.
[2025-03-31T01:33:42.009Z] INFO: Saved 'per' localization data: 249 records.
[2025-03-31T01:33:42.012Z] INFO: Saved 'pol' localization data: 250 records.
[2025-03-31T01:33:42.017Z] INFO: Saved 'por' localization data: 250 records.
[2025-03-31T01:33:42.020Z] INFO: Saved 'rus' localization data: 250 records.
[2025-03-31T01:33:42.025Z] INFO: Saved 'slk' localization data: 250 records.
[2025-03-31T01:33:42.029Z] INFO: Saved 'spa' localization data: 250 records.
[2025-03-31T01:33:42.033Z] INFO: Saved 'srp' localization data: 250 records.
[2025-03-31T01:33:42.037Z] INFO: Saved 'swe' localization data: 250 records.
[2025-03-31T01:33:42.042Z] INFO: Saved 'tur' localization data: 250 records.
[2025-03-31T01:33:42.064Z] INFO: Saved 'urd' localization data: 250 records.
[2025-03-31T01:33:42.069Z] INFO: Saved 'zho' localization data: 245 records.
[2025-03-31T01:33:42.071Z] INFO: Localization 'eng' has 250 country records.
[2025-03-31T01:33:42.072Z] INFO: Localization 'ara' has 250 country records.
[2025-03-31T01:33:42.073Z] INFO: Localization 'bre' has 250 country records.
[2025-03-31T01:33:42.074Z] INFO: Localization 'ces' has 250 country records.
[2025-03-31T01:33:42.076Z] INFO: Localization 'cym' has 250 country records.
[2025-03-31T01:33:42.078Z] INFO: Localization 'deu' has 250 country records.
[2025-03-31T01:33:42.080Z] INFO: Localization 'est' has 250 country records.
[2025-03-31T01:33:42.081Z] INFO: Localization 'fin' has 250 country records.
[2025-03-31T01:33:42.083Z] INFO: Localization 'fra' has 250 country records.
[2025-03-31T01:33:42.084Z] INFO: Localization 'hrv' has 249 country records.
[2025-03-31T01:33:42.085Z] INFO: Localization 'hun' has 250 country records.
[2025-03-31T01:33:42.087Z] INFO: Localization 'ita' has 250 country records.
[2025-03-31T01:33:42.089Z] INFO: Localization 'jpn' has 248 country records.
[2025-03-31T01:33:42.090Z] INFO: Localization 'kor' has 250 country records.
[2025-03-31T01:33:42.092Z] INFO: Localization 'nld' has 250 country records.
[2025-03-31T01:33:42.093Z] INFO: Localization 'per' has 249 country records.
[2025-03-31T01:33:42.094Z] INFO: Localization 'pol' has 250 country records.
[2025-03-31T01:33:42.095Z] INFO: Localization 'por' has 250 country records.
[2025-03-31T01:33:42.096Z] INFO: Localization 'rus' has 250 country records.
[2025-03-31T01:33:42.097Z] INFO: Localization 'slk' has 250 country records.
[2025-03-31T01:33:42.098Z] INFO: Localization 'spa' has 250 country records.
[2025-03-31T01:33:42.099Z] INFO: Localization 'srp' has 250 country records.
[2025-03-31T01:33:42.101Z] INFO: Localization 'swe' has 250 country records.
[2025-03-31T01:33:42.102Z] INFO: Localization 'tur' has 250 country records.
[2025-03-31T01:33:42.103Z] INFO: Localization 'urd' has 250 country records.
[2025-03-31T01:33:42.105Z] INFO: Localization 'zho' has 245 country records.
[2025-03-31T01:33:42.109Z] INFO: Country polygons file (google) not found. Fetching real polygon data...
[2025-03-31T01:33:45.609Z] INFO: Fetched and saved country polygons (google) data.
[2025-03-31T01:33:45.610Z] INFO: Retrieved 255 country polygons in Google format.
[2025-03-31T01:33:45.612Z] INFO: Country polygons file (leaflet) not found. Fetching real polygon data...
[2025-03-31T01:33:49.097Z] INFO: Fetched and saved country polygons (leaflet) data.
[2025-03-31T01:33:49.099Z] INFO: Retrieved 255 country polygons in Leaflet format.
[2025-03-31T01:33:49.101Z] INFO: === Application Initialization Completed ===
